
===========================================================================
report_checks -unconstrained
===========================================================================
======================= Typical Corner ===================================

Startpoint: DIVIDE_BY_N[3] (input port clocked by clk)
Endpoint: comb_out (output port clocked by clk)
Path Group: clk
Path Type: max

Fanout     Cap    Slew   Delay    Time   Description
-----------------------------------------------------------------------------
                          0.00    0.00   clock clk (rise edge)
                          0.00    0.00   clock network delay (propagated)
                          1.00    1.00 v input external delay
                  0.02    0.01    1.01 v DIVIDE_BY_N[3] (in)
     1    0.01                           DIVIDE_BY_N[3] (net)
                  0.02    0.00    1.01 v input4/A (sky130_fd_sc_hd__buf_6)
                  0.02    0.11    1.12 v input4/X (sky130_fd_sc_hd__buf_6)
     3    0.01                           net4 (net)
                  0.02    0.00    1.12 v _121_/A (sky130_fd_sc_hd__or4_1)
                  0.10    0.56    1.68 v _121_/X (sky130_fd_sc_hd__or4_1)
     2    0.01                           _011_ (net)
                  0.10    0.00    1.68 v _123_/B (sky130_fd_sc_hd__and3_1)
                  0.05    0.21    1.88 v _123_/X (sky130_fd_sc_hd__and3_1)
     2    0.01                           _013_ (net)
                  0.05    0.00    1.88 v _066_/A (sky130_fd_sc_hd__or4_1)
                  0.10    0.57    2.45 v _066_/X (sky130_fd_sc_hd__or4_1)
     2    0.01                           _019_ (net)
                  0.10    0.00    2.45 v _076_/A_N (sky130_fd_sc_hd__and4b_1)
                  0.05    0.27    2.72 ^ _076_/X (sky130_fd_sc_hd__and4b_1)
     1    0.00                           _029_ (net)
                  0.05    0.00    2.72 ^ _077_/A (sky130_fd_sc_hd__buf_1)
                  0.13    0.15    2.87 ^ _077_/X (sky130_fd_sc_hd__buf_1)
     2    0.01                           net6 (net)
                  0.13    0.00    2.87 ^ output6/A (sky130_fd_sc_hd__buf_6)
                  0.08    0.16    3.03 ^ output6/X (sky130_fd_sc_hd__buf_6)
     1    0.03                           comb_out (net)
                  0.08    0.00    3.03 ^ comb_out (out)
                                  3.03   data arrival time

                          5.00    5.00   clock clk (rise edge)
                          0.00    5.00   clock network delay (propagated)
                         -0.25    4.75   clock uncertainty
                          0.00    4.75   clock reconvergence pessimism
                         -1.00    3.75   output external delay
                                  3.75   data required time
-----------------------------------------------------------------------------
                                  3.75   data required time
                                 -3.03   data arrival time
-----------------------------------------------------------------------------
                                  0.72   slack (MET)




===========================================================================
report_checks --slack_max -0.01
============================================================================
======================= Typical Corner ===================================

No paths found.


===========================================================================
 report_check_types -max_slew -max_cap -max_fanout -violators
============================================================================
======================= Typical Corner ===================================



===========================================================================
report_parasitic_annotation -report_unannotated
============================================================================
Found 97 unannotated drivers.
 DIVIDE_BY_N[0]
 DIVIDE_BY_N[1]
 DIVIDE_BY_N[2]
 DIVIDE_BY_N[3]
 clk
 rst
 _062_/Y
 _063_/X
 _064_/Y
 _065_/Y
 _066_/X
 _067_/X
 _068_/Y
 _069_/X
 _070_/Y
 _071_/Y
 _072_/X
 _073_/X
 _074_/Y
 _075_/Y
 _076_/X
 _077_/X
 _078_/X
 _079_/Y
 _080_/X
 _081_/Y
 _082_/X
 _083_/X
 _084_/Y
 _085_/Y
 _086_/X
 _087_/X
 _088_/Y
 _089_/X
 _090_/X
 _091_/X
 _092_/Y
 _093_/Y
 _094_/X
 _095_/X
 _096_/Y
 _097_/Y
 _098_/X
 _099_/Y
 _100_/X
 _101_/X
 _102_/X
 _103_/Y
 _104_/Y
 _105_/X
 _106_/X
 _107_/Y
 _108_/Y
 _109_/X
 _110_/Y
 _111_/X
 _112_/X
 _113_/Y
 _114_/X
 _115_/X
 _116_/X
 _117_/X
 _118_/X
 _119_/X
 _120_/X
 _121_/X
 _122_/Y
 _123_/X
 _124_/X
 _125_/Q
 _126_/Q
 _127_/Q
 _128_/Q
 _129_/Q
 _130_/Q
 _131_/Q
 _132_/Q
 _133_/Q
 _134_/Q
 _135_/Q
 _136_/Q
 clkbuf_0_clk/X
 clkbuf_1_0__f_clk/X
 clkbuf_1_1__f_clk/X
 hold4/X
 hold5/X
 hold6/X
 hold7/X
 input1/X
 input2/X
 input3/X
 input4/X
 input5/X
 output6/X
 output7/X
 rebuffer1/X
 rebuffer2/X
Found 0 partially unannotated drivers.

===========================================================================
max slew violation count 0
max fanout violation count 0
max cap violation count 0
============================================================================

===========================================================================
check_setup -verbose -unconstrained_endpoints -multiple_clock -no_clock -no_input_delay -loops -generated_clocks
===========================================================================
