
===========================================================================
 report_power
============================================================================
======================= Fastest Corner ===================================

Group                  Internal  Switching    Leakage      Total
                          Power      Power      Power      Power (Watts)
----------------------------------------------------------------
Sequential             1.38e-04   3.13e-05   1.77e-10   1.70e-04  33.3%
Combinational          2.08e-04   1.32e-04   9.36e-10   3.39e-04  66.7%
Macro                  0.00e+00   0.00e+00   0.00e+00   0.00e+00   0.0%
Pad                    0.00e+00   0.00e+00   0.00e+00   0.00e+00   0.0%
----------------------------------------------------------------
Total                  3.46e-04   1.63e-04   1.11e-09   5.09e-04 100.0%
                          68.0%      32.0%       0.0%

======================= Slowest Corner ===================================

Group                  Internal  Switching    Leakage      Total
                          Power      Power      Power      Power (Watts)
----------------------------------------------------------------
Sequential             9.42e-05   2.02e-05   1.77e-07   1.15e-04  32.8%
Combinational          1.48e-04   8.62e-05   4.04e-07   2.35e-04  67.2%
Macro                  0.00e+00   0.00e+00   0.00e+00   0.00e+00   0.0%
Pad                    0.00e+00   0.00e+00   0.00e+00   0.00e+00   0.0%
----------------------------------------------------------------
Total                  2.42e-04   1.06e-04   5.81e-07   3.49e-04 100.0%
                          69.4%      30.5%       0.2%

======================= Typical Corner ===================================

Group                  Internal  Switching    Leakage      Total
                          Power      Power      Power      Power (Watts)
----------------------------------------------------------------
Sequential             1.20e-04   2.61e-05   1.01e-10   1.46e-04  33.2%
Combinational          1.83e-04   1.11e-04   5.41e-10   2.94e-04  66.8%
Macro                  0.00e+00   0.00e+00   0.00e+00   0.00e+00   0.0%
Pad                    0.00e+00   0.00e+00   0.00e+00   0.00e+00   0.0%
----------------------------------------------------------------
Total                  3.02e-04   1.37e-04   6.43e-10   4.40e-04 100.0%
                          68.8%      31.2%       0.0%

